Godot Engine v4.7.2.stable.official.ed1daf0bf - https://godotengine.org

[world locked]
  ok: (1080, 2160) insets 0/0: world transform unchanged (s 1.23544, off (-40.65534, -74.65048))
  ok: (1080, 2160) insets 132/96: world transform unchanged (s 1.13337, off (7.314593, -42.05024))
  ok: (1170, 2532) insets 0/0: world transform unchanged (s 1.40670, off (-76.14832, 0.0))
  ok: (1170, 2532) insets 132/96: world transform unchanged (s 1.34928, off (-49.16268, 0.0))
  ok: (1290, 2796) insets 0/0: world transform unchanged (s 1.56459, off (-90.35885, 0.0))
  ok: (1290, 2796) insets 132/96: world transform unchanged (s 1.50718, off (-63.37321, 0.0))
  ok: (1080, 2400) insets 0/0: world transform unchanged (s 1.33433, off (-87.13517, 0.0))
  ok: (1080, 2400) insets 132/96: world transform unchanged (s 1.27691, off (-60.14952, -6.911483))
  ok: (1440, 3200) insets 0/0: world transform unchanged (s 1.80622, off (-128.9234, 0.0))
  ok: (1440, 3200) insets 132/96: world transform unchanged (s 1.74880, off (-101.9378, 0.0))
  ok: (1080, 1920) insets 0/0: world transform unchanged (s 1.04725, off (47.79306, -53.53349))
  ok: (1080, 1920) insets 132/96: world transform unchanged (s 0.98983, off (74.77871, -77.189))
  ok: (1536, 2048) insets 0/0: world transform unchanged (s 1.14269, off (230.9357, -56.78947))
  ok: (1536, 2048) insets 132/96: world transform unchanged (s 1.05981, off (269.89, -48.35885))
[scrubby scale]
  ok: hero scale 1.612 x V04 base fit (M42-C002 owner lock, was V06 1.24) (1.6120)
  ok: centre X 470 / soles 1240 (new world anchor)
  ok: clears the baked sign (visible top 622.8 > sign bottom 545.0)
  ok: helper bots: bbox intrusion left 46.0 / right 46.0 <= 47 canvas px
  ok: on screen the soles stay on the mapped world anchor (470,1240)
[hero focus shade]
  ok: above the world, behind Scrubby
  ok: native radial dark navy gradient, peak alpha 0.20, monotonic fade to 0 (no hard edge)
  ok: begins below the baked sign (600 >= 545)
  ok: does not reach the baked helper bots
  ok: centred behind Scrubby's torso
  ok: mapped with the locked world transform
  ok: decorative, never takes input
[panels]
  ok: normal body alpha 0.51 in 0.50..0.52, 3 px outline + restrained 8 px glow
  ok: panel geometry unchanged (210x156)
  ok: TASKS icon size unchanged (180.0301, 164.0)
  ok: DAILY icon size unchanged (180.1671, 164.0)
[currency pills]
  ok: ScrubBucksChip pill 68 px (V05 ~84 -> 67..70)
  ok: ScrubBucksChip icon unchanged (110 px)
  ok: ScrubBucksChip icon still overhangs the thinner pill
  ok: HeartsChip pill 68 px (V05 ~84 -> 67..70)
  ok: HeartsChip icon unchanged (110 px)
  ok: HeartsChip icon still overhangs the thinner pill
  ok: Scrub Bucks: approved banknote icon, live balance in the pill
[plus controls]
  ok: ScrubBucksPlus glyph 52 px inside the pill, vertically centred
  ok: ScrubBucksPlus glyph at the pill's right end
  ok: ScrubBucksPlus transparent hit target (88.0, 88.0) centred on the glyph
  ok: ScrubBucksPlus: no green circle / button body (glyph only)
  ok: HeartsPlus glyph 52 px inside the pill, vertically centred
  ok: HeartsPlus glyph at the pill's right end
  ok: HeartsPlus transparent hit target (88.0, 88.0) centred on the glyph
  ok: HeartsPlus: no green circle / button body (glyph only)
  ok: (+) emit intents only; economy unchanged
[ad and stack]
  ok: ad slot 100 px, explicit, no EXPAND
  ok: responsive clamp 72..112
  ok: empty AdMount, collapse seam kept
  ok: PLAY / track / nav all moved down 44 px vs V05
  ok: ad slot remains the bottom element
[gift meter locked]
  ok: GiftMeterChassis geometry == V05 [P: (98.0, 270.0), S: (884.0, 88.0)]
  ok: GiftEmblem geometry == V05 [P: (34.0, 248.0), S: (132.0, 132.0)]
  ok: GiftCrate geometry == V05 [P: (914.0, 248.0), S: (132.0, 132.0)]
  ok: GiftMeterBar geometry == V05 [P: (172.0, 287.0), S: (736.0, 54.0)]
  ok: GiftMeter geometry == V05 [P: (0.0, 250.0), S: (1080.0, 128.0)]
  ok: ratio-only caption unchanged
[win streak locked]
  ok: TrackRail geometry (relative to the track) == V05
  ok: TrackBadge geometry (relative to the track) == V05
  ok: TrackGift1 geometry (relative to the track) == V05
  ok: WinStreakRewardTrack geometry (relative to the track) == V05
  ok: values unchanged
[hearts display and timer]
  ok: canonical regen interval 900 s
  ok: full: white outlined '5' on the heart icon
  ok: full: pill shows static 15:00 (no N/5)
  ok: full: static, does not tick
  ok: consume from full: 4 on the icon, countdown starts at 15:00
  ok: 1 s later: 14:59 from HeartService
  ok: +899 s total: 00:01, no regen yet
  ok: +900 s: regenerated to 5, back to static 15:00
  ok: two consumed: 3, countdown from 15:00
  ok: one regen, still below max: next 15:00 interval
  ok: display is HeartService.seconds_to_next() (10:00)
  ok: no UI-owned timer state; 1 Hz refresh, no per-frame processing
[modals]
  ok: Daily: action layer, stack and (+) hidden
  ok: Daily closed: exact state restored
  ok: Settings: action layer, stack and (+) hidden
  ok: back restores Home
[touch targets]
  ok: (1080, 2160) insets 0/0: touch >= 88 in safe area, ad 72..112 at bottom, PLAY below platform []
  ok: (1080, 2160) insets 132/96: touch >= 88 in safe area, ad 72..112 at bottom, PLAY below platform []
  ok: (1170, 2532) insets 0/0: touch >= 88 in safe area, ad 72..112 at bottom, PLAY below platform []
  ok: (1170, 2532) insets 132/96: touch >= 88 in safe area, ad 72..112 at bottom, PLAY below platform []
  ok: (1290, 2796) insets 0/0: touch >= 88 in safe area, ad 72..112 at bottom, PLAY below platform []
  ok: (1290, 2796) insets 132/96: touch >= 88 in safe area, ad 72..112 at bottom, PLAY below platform []
  ok: (1080, 2400) insets 0/0: touch >= 88 in safe area, ad 72..112 at bottom, PLAY below platform []
  ok: (1080, 2400) insets 132/96: touch >= 88 in safe area, ad 72..112 at bottom, PLAY below platform []
  ok: (1440, 3200) insets 0/0: touch >= 88 in safe area, ad 72..112 at bottom, PLAY below platform []
  ok: (1440, 3200) insets 132/96: touch >= 88 in safe area, ad 72..112 at bottom, PLAY below platform []
  ok: (1080, 1920) insets 0/0: touch >= 88 in safe area, ad 72..112 at bottom, PLAY below platform []
  ok: (1080, 1920) insets 132/96: touch >= 88 in safe area, ad 72..112 at bottom, PLAY below platform []
  ok: (1536, 2048) insets 0/0: touch >= 88 in safe area, ad 72..112 at bottom, PLAY below platform []
  ok: (1536, 2048) insets 132/96: touch >= 88 in safe area, ad 72..112 at bottom, PLAY below platform []
[asset integrity]
  ok: HOME-120 bytes unchanged
  ok: all 52 approved entries match their pins []
m42_home_v06: 13/13 cases, 0 failures
WARNING: 628 ObjectDB instances were leaked at exit (run with `--verbose` for details).
   at: cleanup (core/object/object.cpp:2536)
ERROR: 19 resources still in use at exit (run with --verbose for details).
   at: clear (core/io/resource.cpp:822)
